<object-stream>
<org.drools.audit.event.ObjectLogEvent>
  <type>1</type>
  <factId>1</factId>
  <objectToString>IP: null Name: null OID: null EventName: GponOntConfigRecoveryFailAlarm Correlation: false</objectToString>
</org.drools.audit.event.ObjectLogEvent>
<org.drools.audit.event.ObjectLogEvent>
  <type>1</type>
  <factId>2</factId>
  <objectToString>IP: 172.23.2.2 Name: null OID: null EventName: linkDown Correlation: false</objectToString>
</org.drools.audit.event.ObjectLogEvent>
<org.drools.audit.event.ActivationLogEvent>
  <type>4</type>
  <activationId>Afectacino Masiva Correlation [2, 1, 0]</activationId>
  <rule>Afectacino Masiva Correlation</rule>
  <declarations>$log2=IP: 172.23.2.2 Name: null OID: null EventName: linkDown Correlation: false(2); $log=IP: null Name: null OID: null EventName: GponOntConfigRecoveryFailAlarm Correlation: false(1)</declarations>
</org.drools.audit.event.ActivationLogEvent>
<org.drools.audit.event.ActivationLogEvent>
  <type>6</type>
  <activationId>Afectacino Masiva Correlation [2, 1, 0]</activationId>
  <rule>Afectacino Masiva Correlation</rule>
  <declarations>$log2=IP: 172.23.2.2 Name: null OID: null EventName: linkDown Correlation: false(2); $log=IP: null Name: null OID: null EventName: GponOntConfigRecoveryFailAlarm Correlation: false(1)</declarations>
</org.drools.audit.event.ActivationLogEvent>
<org.drools.audit.event.ObjectLogEvent>
  <type>1</type>
  <factId>3</factId>
  <objectToString>IP: null Name: null OID: null EventName: GponOntConfigRecoveryFailAlarm Correlation: false</objectToString>
</org.drools.audit.event.ObjectLogEvent>
<org.drools.audit.event.ActivationLogEvent>
  <type>7</type>
  <activationId>Afectacino Masiva Correlation [2, 1, 0]</activationId>
  <rule>Afectacino Masiva Correlation</rule>
  <declarations>$log2=IP: 172.23.2.2 Name: null OID: null EventName: linkDown Correlation: false(2); $log=IP: null Name: null OID: null EventName: GponOntConfigRecoveryFailAlarm Correlation: false(1)</declarations>
</org.drools.audit.event.ActivationLogEvent>
</object-stream>
